10:25:16 **** Incremental Build of configuration Debug for project EEE3096S_2022_Prac_4_PWM_DAC_Student_Version ****
make -j8 all 
arm-none-eabi-gcc "../Core/Src/main.c" -mcpu=cortex-m0 -std=gnu11 -g3 -DDEBUG -DUSE_HAL_DRIVER -DSTM32F051x8 -c -I../Core/Inc -I../Drivers/STM32F0xx_HAL_Driver/Inc -I../Drivers/STM32F0xx_HAL_Driver/Inc/Legacy -I../Drivers/CMSIS/Device/ST/STM32F0xx/Include -I../Drivers/CMSIS/Include -O0 -ffunction-sections -fdata-sections -Wall -fstack-usage -MMD -MP -MF"Core/Src/main.d" -MT"Core/Src/main.o" --specs=nano.specs -mfloat-abi=soft -mthumb -o "Core/Src/main.o"
arm-none-eabi-gcc -o "EEE3096S_2022_Prac_4_PWM_DAC_Student_Version.elf" @"objects.list"   -mcpu=cortex-m0 -T"E:\UCT\3rd Year\EEE3096S\Practical 4\Practical 4 Workspace\EEE3096S_2022_Prac_4_PWM_DAC_Student_Version\STM32F051R8TX_FLASH.ld" --specs=nosys.specs -Wl,-Map="EEE3096S_2022_Prac_4_PWM_DAC_Student_Version.map" -Wl,--gc-sections -static --specs=nano.specs -mfloat-abi=soft -mthumb -Wl,--start-group -lc -lm -Wl,--end-group
Finished building target: EEE3096S_2022_Prac_4_PWM_DAC_Student_Version.elf
 
arm-none-eabi-size   EEE3096S_2022_Prac_4_PWM_DAC_Student_Version.elf 
arm-none-eabi-objdump -h -S  EEE3096S_2022_Prac_4_PWM_DAC_Student_Version.elf  > "EEE3096S_2022_Prac_4_PWM_DAC_Student_Version.list"
   text	   data	    bss	    dec	    hex	filename
  11376	   1576	   1792	  14744	   3998	EEE3096S_2022_Prac_4_PWM_DAC_Student_Version.elf
Finished building: default.size.stdout
 
Finished building: EEE3096S_2022_Prac_4_PWM_DAC_Student_Version.list
 
10:25:19 **** Incremental Build of configuration Debug for project EEE3096S_2022_Prac_4_PWM_DAC_Student_Version ****
make -j8 all 
arm-none-eabi-size   EEE3096S_2022_Prac_4_PWM_DAC_Student_Version.elf 
   text	   data	    bss	    dec	    hex	filename
  11376	   1576	   1792	  14744	   3998	EEE3096S_2022_Prac_4_PWM_DAC_Student_Version.elf
Finished building: default.size.stdout
 
10:25:50 **** Incremental Build of configuration Debug for project EEE3096S_2022_Prac_4_PWM_DAC_Student_Version ****
make -j8 all 
arm-none-eabi-gcc "../Core/Src/main.c" -mcpu=cortex-m0 -std=gnu11 -g3 -DDEBUG -DUSE_HAL_DRIVER -DSTM32F051x8 -c -I../Core/Inc -I../Drivers/STM32F0xx_HAL_Driver/Inc -I../Drivers/STM32F0xx_HAL_Driver/Inc/Legacy -I../Drivers/CMSIS/Device/ST/STM32F0xx/Include -I../Drivers/CMSIS/Include -O0 -ffunction-sections -fdata-sections -Wall -fstack-usage -MMD -MP -MF"Core/Src/main.d" -MT"Core/Src/main.o" --specs=nano.specs -mfloat-abi=soft -mthumb -o "Core/Src/main.o"
arm-none-eabi-gcc -o "EEE3096S_2022_Prac_4_PWM_DAC_Student_Version.elf" @"objects.list"   -mcpu=cortex-m0 -T"E:\UCT\3rd Year\EEE3096S\Practical 4\Practical 4 Workspace\EEE3096S_2022_Prac_4_PWM_DAC_Student_Version\STM32F051R8TX_FLASH.ld" --specs=nosys.specs -Wl,-Map="EEE3096S_2022_Prac_4_PWM_DAC_Student_Version.map" -Wl,--gc-sections -static --specs=nano.specs -mfloat-abi=soft -mthumb -Wl,--start-group -lc -lm -Wl,--end-group
Finished building target: EEE3096S_2022_Prac_4_PWM_DAC_Student_Version.elf
 
arm-none-eabi-size   EEE3096S_2022_Prac_4_PWM_DAC_Student_Version.elf 
arm-none-eabi-objdump -h -S  EEE3096S_2022_Prac_4_PWM_DAC_Student_Version.elf  > "EEE3096S_2022_Prac_4_PWM_DAC_Student_Version.list"
   text	   data	    bss	    dec	    hex	filename
  11376	   1576	   1792	  14744	   3998	EEE3096S_2022_Prac_4_PWM_DAC_Student_Version.elf
Finished building: default.size.stdout
 
Finished building: EEE3096S_2022_Prac_4_PWM_DAC_Student_Version.list
 
10:26:44 **** Incremental Build of configuration Debug for project EEE3096S_2022_Prac_4_PWM_DAC_Student_Version ****
make -j8 all 
arm-none-eabi-gcc "../Core/Src/main.c" -mcpu=cortex-m0 -std=gnu11 -g3 -DDEBUG -DUSE_HAL_DRIVER -DSTM32F051x8 -c -I../Core/Inc -I../Drivers/STM32F0xx_HAL_Driver/Inc -I../Drivers/STM32F0xx_HAL_Driver/Inc/Legacy -I../Drivers/CMSIS/Device/ST/STM32F0xx/Include -I../Drivers/CMSIS/Include -O0 -ffunction-sections -fdata-sections -Wall -fstack-usage -MMD -MP -MF"Core/Src/main.d" -MT"Core/Src/main.o" --specs=nano.specs -mfloat-abi=soft -mthumb -o "Core/Src/main.o"
arm-none-eabi-gcc -o "EEE3096S_2022_Prac_4_PWM_DAC_Student_Version.elf" @"objects.list"   -mcpu=cortex-m0 -T"E:\UCT\3rd Year\EEE3096S\Practical 4\Practical 4 Workspace\EEE3096S_2022_Prac_4_PWM_DAC_Student_Version\STM32F051R8TX_FLASH.ld" --specs=nosys.specs -Wl,-Map="EEE3096S_2022_Prac_4_PWM_DAC_Student_Version.map" -Wl,--gc-sections -static --specs=nano.specs -mfloat-abi=soft -mthumb -Wl,--start-group -lc -lm -Wl,--end-group
Finished building target: EEE3096S_2022_Prac_4_PWM_DAC_Student_Version.elf
 
arm-none-eabi-size   EEE3096S_2022_Prac_4_PWM_DAC_Student_Version.elf 
arm-none-eabi-objdump -h -S  EEE3096S_2022_Prac_4_PWM_DAC_Student_Version.elf  > "EEE3096S_2022_Prac_4_PWM_DAC_Student_Version.list"
   text	   data	    bss	    dec	    hex	filename
  11396	   1576	   1792	  14764	   39ac	EEE3096S_2022_Prac_4_PWM_DAC_Student_Version.elf
Finished building: default.size.stdout
 
Finished building: EEE3096S_2022_Prac_4_PWM_DAC_Student_Version.list
 
10:27:44 **** Incremental Build of configuration Debug for project EEE3096S_2022_Prac_4_PWM_DAC_Student_Version ****
make -j8 all 
arm-none-eabi-gcc "../Core/Src/main.c" -mcpu=cortex-m0 -std=gnu11 -g3 -DDEBUG -DUSE_HAL_DRIVER -DSTM32F051x8 -c -I../Core/Inc -I../Drivers/STM32F0xx_HAL_Driver/Inc -I../Drivers/STM32F0xx_HAL_Driver/Inc/Legacy -I../Drivers/CMSIS/Device/ST/STM32F0xx/Include -I../Drivers/CMSIS/Include -O0 -ffunction-sections -fdata-sections -Wall -fstack-usage -MMD -MP -MF"Core/Src/main.d" -MT"Core/Src/main.o" --specs=nano.specs -mfloat-abi=soft -mthumb -o "Core/Src/main.o"
arm-none-eabi-gcc -o "EEE3096S_2022_Prac_4_PWM_DAC_Student_Version.elf" @"objects.list"   -mcpu=cortex-m0 -T"E:\UCT\3rd Year\EEE3096S\Practical 4\Practical 4 Workspace\EEE3096S_2022_Prac_4_PWM_DAC_Student_Version\STM32F051R8TX_FLASH.ld" --specs=nosys.specs -Wl,-Map="EEE3096S_2022_Prac_4_PWM_DAC_Student_Version.map" -Wl,--gc-sections -static --specs=nano.specs -mfloat-abi=soft -mthumb -Wl,--start-group -lc -lm -Wl,--end-group
Finished building target: EEE3096S_2022_Prac_4_PWM_DAC_Student_Version.elf
 
arm-none-eabi-size   EEE3096S_2022_Prac_4_PWM_DAC_Student_Version.elf 
arm-none-eabi-objdump -h -S  EEE3096S_2022_Prac_4_PWM_DAC_Student_Version.elf  > "EEE3096S_2022_Prac_4_PWM_DAC_Student_Version.list"
   text	   data	    bss	    dec	    hex	filename
  11396	   1576	   1792	  14764	   39ac	EEE3096S_2022_Prac_4_PWM_DAC_Student_Version.elf
Finished building: default.size.stdout
 
Finished building: EEE3096S_2022_Prac_4_PWM_DAC_Student_Version.list
 
10:28:30 **** Incremental Build of configuration Debug for project EEE3096S_2022_Prac_4_PWM_DAC_Student_Version ****
make -j8 all 
arm-none-eabi-gcc "../Core/Src/main.c" -mcpu=cortex-m0 -std=gnu11 -g3 -DDEBUG -DUSE_HAL_DRIVER -DSTM32F051x8 -c -I../Core/Inc -I../Drivers/STM32F0xx_HAL_Driver/Inc -I../Drivers/STM32F0xx_HAL_Driver/Inc/Legacy -I../Drivers/CMSIS/Device/ST/STM32F0xx/Include -I../Drivers/CMSIS/Include -O0 -ffunction-sections -fdata-sections -Wall -fstack-usage -MMD -MP -MF"Core/Src/main.d" -MT"Core/Src/main.o" --specs=nano.specs -mfloat-abi=soft -mthumb -o "Core/Src/main.o"
arm-none-eabi-gcc -o "EEE3096S_2022_Prac_4_PWM_DAC_Student_Version.elf" @"objects.list"   -mcpu=cortex-m0 -T"E:\UCT\3rd Year\EEE3096S\Practical 4\Practical 4 Workspace\EEE3096S_2022_Prac_4_PWM_DAC_Student_Version\STM32F051R8TX_FLASH.ld" --specs=nosys.specs -Wl,-Map="EEE3096S_2022_Prac_4_PWM_DAC_Student_Version.map" -Wl,--gc-sections -static --specs=nano.specs -mfloat-abi=soft -mthumb -Wl,--start-group -lc -lm -Wl,--end-group
Finished building target: EEE3096S_2022_Prac_4_PWM_DAC_Student_Version.elf
 
arm-none-eabi-size   EEE3096S_2022_Prac_4_PWM_DAC_Student_Version.elf 
arm-none-eabi-objdump -h -S  EEE3096S_2022_Prac_4_PWM_DAC_Student_Version.elf  > "EEE3096S_2022_Prac_4_PWM_DAC_Student_Version.list"
   text	   data	    bss	    dec	    hex	filename
  11396	   1576	   1792	  14764	   39ac	EEE3096S_2022_Prac_4_PWM_DAC_Student_Version.elf
Finished building: default.size.stdout
 
Finished building: EEE3096S_2022_Prac_4_PWM_DAC_Student_Version.list
 
10:29:43 **** Incremental Build of configuration Debug for project EEE3096S_2022_Prac_4_PWM_DAC_Student_Version ****
make -j8 all 
arm-none-eabi-gcc "../Core/Src/main.c" -mcpu=cortex-m0 -std=gnu11 -g3 -DDEBUG -DUSE_HAL_DRIVER -DSTM32F051x8 -c -I../Core/Inc -I../Drivers/STM32F0xx_HAL_Driver/Inc -I../Drivers/STM32F0xx_HAL_Driver/Inc/Legacy -I../Drivers/CMSIS/Device/ST/STM32F0xx/Include -I../Drivers/CMSIS/Include -O0 -ffunction-sections -fdata-sections -Wall -fstack-usage -MMD -MP -MF"Core/Src/main.d" -MT"Core/Src/main.o" --specs=nano.specs -mfloat-abi=soft -mthumb -o "Core/Src/main.o"
arm-none-eabi-gcc -o "EEE3096S_2022_Prac_4_PWM_DAC_Student_Version.elf" @"objects.list"   -mcpu=cortex-m0 -T"E:\UCT\3rd Year\EEE3096S\Practical 4\Practical 4 Workspace\EEE3096S_2022_Prac_4_PWM_DAC_Student_Version\STM32F051R8TX_FLASH.ld" --specs=nosys.specs -Wl,-Map="EEE3096S_2022_Prac_4_PWM_DAC_Student_Version.map" -Wl,--gc-sections -static --specs=nano.specs -mfloat-abi=soft -mthumb -Wl,--start-group -lc -lm -Wl,--end-group
Finished building target: EEE3096S_2022_Prac_4_PWM_DAC_Student_Version.elf
 
arm-none-eabi-size   EEE3096S_2022_Prac_4_PWM_DAC_Student_Version.elf 
arm-none-eabi-objdump -h -S  EEE3096S_2022_Prac_4_PWM_DAC_Student_Version.elf  > "EEE3096S_2022_Prac_4_PWM_DAC_Student_Version.list"
   text	   data	    bss	    dec	    hex	filename
  11396	   1576	   1792	  14764	   39ac	EEE3096S_2022_Prac_4_PWM_DAC_Student_Version.elf
Finished building: default.size.stdout
 
Finished building: EEE3096S_2022_Prac_4_PWM_DAC_Student_Version.list
 
10:37:45 **** Incremental Build of configuration Debug for project EEE3096S_2022_Prac_4_PWM_DAC_Student_Version ****
make -j8 all 
arm-none-eabi-size   EEE3096S_2022_Prac_4_PWM_DAC_Student_Version.elf 
   text	   data	    bss	    dec	    hex	filename
  11396	   1576	   1792	  14764	   39ac	EEE3096S_2022_Prac_4_PWM_DAC_Student_Version.elf
Finished building: default.size.stdout
 
10:39:14 **** Incremental Build of configuration Debug for project EEE3096S_2022_Prac_4_PWM_DAC_Student_Version ****
make -j8 all 
arm-none-eabi-size   EEE3096S_2022_Prac_4_PWM_DAC_Student_Version.elf 
   text	   data	    bss	    dec	    hex	filename
  11396	   1576	   1792	  14764	   39ac	EEE3096S_2022_Prac_4_PWM_DAC_Student_Version.elf
Finished building: default.size.stdout
 
10:41:02 **** Incremental Build of configuration Debug for project EEE3096S_2022_Prac_4_PWM_DAC_Student_Version ****
make -j8 all 
arm-none-eabi-size   EEE3096S_2022_Prac_4_PWM_DAC_Student_Version.elf 
   text	   data	    bss	    dec	    hex	filename
  11396	   1576	   1792	  14764	   39ac	EEE3096S_2022_Prac_4_PWM_DAC_Student_Version.elf
Finished building: default.size.stdout
 
10:42:03 **** Incremental Build of configuration Debug for project EEE3096S_2022_Prac_4_PWM_DAC_Student_Version ****
make -j8 all 
arm-none-eabi-size   EEE3096S_2022_Prac_4_PWM_DAC_Student_Version.elf 
   text	   data	    bss	    dec	    hex	filename
  11396	   1576	   1792	  14764	   39ac	EEE3096S_2022_Prac_4_PWM_DAC_Student_Version.elf
Finished building: default.size.stdout
 
10:42:48 **** Incremental Build of configuration Debug for project EEE3096S_2022_Prac_4_PWM_DAC_Student_Version ****
make -j8 all 
arm-none-eabi-size   EEE3096S_2022_Prac_4_PWM_DAC_Student_Version.elf 
   text	   data	    bss	    dec	    hex	filename
  11396	   1576	   1792	  14764	   39ac	EEE3096S_2022_Prac_4_PWM_DAC_Student_Version.elf
Finished building: default.size.stdout
 
10:59:50 **** Incremental Build of configuration Debug for project EEE3096S_2022_Prac_4_PWM_DAC_Student_Version ****
make -j8 all 
arm-none-eabi-gcc "../Core/Src/main.c" -mcpu=cortex-m0 -std=gnu11 -g3 -DDEBUG -DUSE_HAL_DRIVER -DSTM32F051x8 -c -I../Core/Inc -I../Drivers/STM32F0xx_HAL_Driver/Inc -I../Drivers/STM32F0xx_HAL_Driver/Inc/Legacy -I../Drivers/CMSIS/Device/ST/STM32F0xx/Include -I../Drivers/CMSIS/Include -O0 -ffunction-sections -fdata-sections -Wall -fstack-usage -MMD -MP -MF"Core/Src/main.d" -MT"Core/Src/main.o" --specs=nano.specs -mfloat-abi=soft -mthumb -o "Core/Src/main.o"
arm-none-eabi-gcc -o "EEE3096S_2022_Prac_4_PWM_DAC_Student_Version.elf" @"objects.list"   -mcpu=cortex-m0 -T"E:\UCT\3rd Year\EEE3096S\Practical 4\Practical 4 Workspace\EEE3096S_2022_Prac_4_PWM_DAC_Student_Version\STM32F051R8TX_FLASH.ld" --specs=nosys.specs -Wl,-Map="EEE3096S_2022_Prac_4_PWM_DAC_Student_Version.map" -Wl,--gc-sections -static --specs=nano.specs -mfloat-abi=soft -mthumb -Wl,--start-group -lc -lm -Wl,--end-group
Finished building target: EEE3096S_2022_Prac_4_PWM_DAC_Student_Version.elf
 
arm-none-eabi-size   EEE3096S_2022_Prac_4_PWM_DAC_Student_Version.elf 
arm-none-eabi-objdump -h -S  EEE3096S_2022_Prac_4_PWM_DAC_Student_Version.elf  > "EEE3096S_2022_Prac_4_PWM_DAC_Student_Version.list"
   text	   data	    bss	    dec	    hex	filename
  11396	   1576	   1792	  14764	   39ac	EEE3096S_2022_Prac_4_PWM_DAC_Student_Version.elf
Finished building: default.size.stdout
 
Finished building: EEE3096S_2022_Prac_4_PWM_DAC_Student_Version.list
 
