../Core/Src/main.c:89:5:main	32	static
../Core/Src/main.c:139:6:SystemClock_Config	104	static
../Core/Src/main.c:185:13:MX_I2C1_Init	8	static
../Core/Src/main.c:233:13:MX_USART2_UART_Init	8	static
../Core/Src/main.c:268:13:MX_GPIO_Init	48	static
../Core/Src/main.c:296:6:print	16	static
../Core/Src/main.c:301:9:decToBcd	24	static
../Core/Src/main.c:307:5:bcdToDec	16	static
../Core/Src/main.c:312:6:setTime	48	static
../Core/Src/main.c:328:6:getTime	32	static
../Core/Src/main.c:344:5:epochFromTime	104	static
../Core/Src/main.c:368:6:Error_Handler	8	static,ignoring_inline_asm
